=== Canonical batch benchmark run ===
Repo root : C:\fingerprint-research
Dataset   : nist_sd300c
Data dir  : C:\fingerprint-research\data\manifests\nist_sd300c
Outdir    : C:\fingerprint-research\artifacts\reports\benchmark\_regen_h5_tmp_20260506_182726\smoke_nist_sd300c_h5
Methods   : ['classic_v2', 'harris', 'sift', 'dl_quick', 'vit']
Splits    : ['val']
Emb cache : C:\fingerprint-research\artifacts\cache\embeddings
[RUN] C:\Users\sirak\miniconda3\envs\fingerprint_research\python.exe C:\fingerprint-research\pipelines\benchmark\evaluate.py --method classic_v2 --split val --limit 300 --dataset nist_sd300c --data_dir C:\fingerprint-research\data\manifests\nist_sd300c --summary_csv C:\fingerprint-research\artifacts\reports\benchmark\_regen_h5_tmp_20260506_182726\smoke_nist_sd300c_h5\results_summary.csv --out_scores C:\fingerprint-research\artifacts\reports\benchmark\_regen_h5_tmp_20260506_182726\smoke_nist_sd300c_h5\scores_classic_v2_val.csv --out_roc C:\fingerprint-research\artifacts\reports\benchmark\_regen_h5_tmp_20260506_182726\smoke_nist_sd300c_h5\roc_classic_v2_val.png --out_run_meta C:\fingerprint-research\artifacts\reports\benchmark\_regen_h5_tmp_20260506_182726\smoke_nist_sd300c_h5\run_classic_v2_val.meta.json --detector gftt_orb --score_mode inliers_over_k --nfeatures 1500 --long_edge 512 --ratio 0.75 --ransac_thresh 4.0
Split=val | N=300 | AUC=0.4853 | EER~0.5133
Saved: C:\fingerprint-research\artifacts\reports\benchmark\_regen_h5_tmp_20260506_182726\smoke_nist_sd300c_h5\scores_classic_v2_val.csv

[RUN] C:\Users\sirak\miniconda3\envs\fingerprint_research\python.exe C:\fingerprint-research\pipelines\benchmark\eval_classic.py file:/C:/fingerprint-research/artifacts/reports/benchmark/_regen_h5_tmp_20260506_182726/smoke_nist_sd300c_h5/scores_classic_v2_val.csv --split val --pairs C:\fingerprint-research\data\manifests\nist_sd300c\pairs_val.csv --detector gftt_orb --score_mode inliers_over_k --nfeatures 1500 --long_edge 512 --target_size 512 --ratio 0.75 --ransac_thresh 4.0 --limit 300

[OK] Unified metrics:
  N=300 | AUC=0.4853 | EER~0.5133 | TAR@1e-2=0.0133 | TAR@1e-3=0.0067
  DataDir : C:\fingerprint-research\data\manifests\nist_sd300c
  Manifest: C:\fingerprint-research\data\manifests\nist_sd300c\manifest.csv
  Pairs   : C:\fingerprint-research\data\manifests\nist_sd300c\pairs_val.csv
  Scores  : C:\fingerprint-research\artifacts\reports\benchmark\_regen_h5_tmp_20260506_182726\smoke_nist_sd300c_h5\scores_classic_v2_val.csv
  ROC     : C:\fingerprint-research\artifacts\reports\benchmark\_regen_h5_tmp_20260506_182726\smoke_nist_sd300c_h5\roc_classic_v2_val.png
  Summary : C:\fingerprint-research\artifacts\reports\benchmark\_regen_h5_tmp_20260506_182726\smoke_nist_sd300c_h5\results_summary.csv
  RunMeta : C:\fingerprint-research\artifacts\reports\benchmark\_regen_h5_tmp_20260506_182726\smoke_nist_sd300c_h5\run_classic_v2_val.meta.json
[DONE] method=classic_v2 split=val exit_code=0
[RUN] C:\Users\sirak\miniconda3\envs\fingerprint_research\python.exe C:\fingerprint-research\pipelines\benchmark\evaluate.py --method harris --split val --limit 300 --dataset nist_sd300c --data_dir C:\fingerprint-research\data\manifests\nist_sd300c --summary_csv C:\fingerprint-research\artifacts\reports\benchmark\_regen_h5_tmp_20260506_182726\smoke_nist_sd300c_h5\results_summary.csv --out_scores C:\fingerprint-research\artifacts\reports\benchmark\_regen_h5_tmp_20260506_182726\smoke_nist_sd300c_h5\scores_harris_val.csv --out_roc C:\fingerprint-research\artifacts\reports\benchmark\_regen_h5_tmp_20260506_182726\smoke_nist_sd300c_h5\roc_harris_val.png --out_run_meta C:\fingerprint-research\artifacts\reports\benchmark\_regen_h5_tmp_20260506_182726\smoke_nist_sd300c_h5\run_harris_val.meta.json --detector harris_orb --score_mode inliers_over_min_keypoints --nfeatures 1500 --target_size 512 --ratio 0.75 --ransac_thresh 3.0
Split=val | N=300 | AUC=0.4686 | EER~0.5100
Saved: C:\fingerprint-research\artifacts\reports\benchmark\_regen_h5_tmp_20260506_182726\smoke_nist_sd300c_h5\scores_harris_val.csv

[RUN] C:\Users\sirak\miniconda3\envs\fingerprint_research\python.exe C:\fingerprint-research\pipelines\benchmark\eval_classic.py file:/C:/fingerprint-research/artifacts/reports/benchmark/_regen_h5_tmp_20260506_182726/smoke_nist_sd300c_h5/scores_harris_val.csv --split val --pairs C:\fingerprint-research\data\manifests\nist_sd300c\pairs_val.csv --detector harris_orb --score_mode inliers_over_min_keypoints --nfeatures 1500 --long_edge 512 --target_size 512 --ratio 0.75 --ransac_thresh 3.0 --limit 300

[OK] Unified metrics:
  N=300 | AUC=0.4686 | EER~0.5100 | TAR@1e-2=0.0000 | TAR@1e-3=0.0000
  DataDir : C:\fingerprint-research\data\manifests\nist_sd300c
  Manifest: C:\fingerprint-research\data\manifests\nist_sd300c\manifest.csv
  Pairs   : C:\fingerprint-research\data\manifests\nist_sd300c\pairs_val.csv
  Scores  : C:\fingerprint-research\artifacts\reports\benchmark\_regen_h5_tmp_20260506_182726\smoke_nist_sd300c_h5\scores_harris_val.csv
  ROC     : C:\fingerprint-research\artifacts\reports\benchmark\_regen_h5_tmp_20260506_182726\smoke_nist_sd300c_h5\roc_harris_val.png
  Summary : C:\fingerprint-research\artifacts\reports\benchmark\_regen_h5_tmp_20260506_182726\smoke_nist_sd300c_h5\results_summary.csv
  RunMeta : C:\fingerprint-research\artifacts\reports\benchmark\_regen_h5_tmp_20260506_182726\smoke_nist_sd300c_h5\run_harris_val.meta.json
[DONE] method=harris split=val exit_code=0
[RUN] C:\Users\sirak\miniconda3\envs\fingerprint_research\python.exe C:\fingerprint-research\pipelines\benchmark\evaluate.py --method sift --split val --limit 300 --dataset nist_sd300c --data_dir C:\fingerprint-research\data\manifests\nist_sd300c --summary_csv C:\fingerprint-research\artifacts\reports\benchmark\_regen_h5_tmp_20260506_182726\smoke_nist_sd300c_h5\results_summary.csv --out_scores C:\fingerprint-research\artifacts\reports\benchmark\_regen_h5_tmp_20260506_182726\smoke_nist_sd300c_h5\scores_sift_val.csv --out_roc C:\fingerprint-research\artifacts\reports\benchmark\_regen_h5_tmp_20260506_182726\smoke_nist_sd300c_h5\roc_sift_val.png --out_run_meta C:\fingerprint-research\artifacts\reports\benchmark\_regen_h5_tmp_20260506_182726\smoke_nist_sd300c_h5\run_sift_val.meta.json --detector sift --score_mode inliers_over_min_keypoints --nfeatures 1500 --target_size 512 --ratio 0.75 --ransac_thresh 3.0
Split=val | N=300 | AUC=0.8065 | EER~0.2467
Saved: C:\fingerprint-research\artifacts\reports\benchmark\_regen_h5_tmp_20260506_182726\smoke_nist_sd300c_h5\scores_sift_val.csv

[RUN] C:\Users\sirak\miniconda3\envs\fingerprint_research\python.exe C:\fingerprint-research\pipelines\benchmark\eval_classic.py file:/C:/fingerprint-research/artifacts/reports/benchmark/_regen_h5_tmp_20260506_182726/smoke_nist_sd300c_h5/scores_sift_val.csv --split val --pairs C:\fingerprint-research\data\manifests\nist_sd300c\pairs_val.csv --detector sift --score_mode inliers_over_min_keypoints --nfeatures 1500 --long_edge 512 --target_size 512 --ratio 0.75 --ransac_thresh 3.0 --limit 300

[OK] Unified metrics:
  N=300 | AUC=0.8065 | EER~0.2467 | TAR@1e-2=0.3200 | TAR@1e-3=0.2667
  DataDir : C:\fingerprint-research\data\manifests\nist_sd300c
  Manifest: C:\fingerprint-research\data\manifests\nist_sd300c\manifest.csv
  Pairs   : C:\fingerprint-research\data\manifests\nist_sd300c\pairs_val.csv
  Scores  : C:\fingerprint-research\artifacts\reports\benchmark\_regen_h5_tmp_20260506_182726\smoke_nist_sd300c_h5\scores_sift_val.csv
  ROC     : C:\fingerprint-research\artifacts\reports\benchmark\_regen_h5_tmp_20260506_182726\smoke_nist_sd300c_h5\roc_sift_val.png
  Summary : C:\fingerprint-research\artifacts\reports\benchmark\_regen_h5_tmp_20260506_182726\smoke_nist_sd300c_h5\results_summary.csv
  RunMeta : C:\fingerprint-research\artifacts\reports\benchmark\_regen_h5_tmp_20260506_182726\smoke_nist_sd300c_h5\run_sift_val.meta.json
[DONE] method=sift split=val exit_code=0
[RUN] C:\Users\sirak\miniconda3\envs\fingerprint_research\python.exe C:\fingerprint-research\pipelines\benchmark\evaluate.py --method dl_quick --split val --limit 300 --dataset nist_sd300c --data_dir C:\fingerprint-research\data\manifests\nist_sd300c --summary_csv C:\fingerprint-research\artifacts\reports\benchmark\_regen_h5_tmp_20260506_182726\smoke_nist_sd300c_h5\results_summary.csv --out_scores C:\fingerprint-research\artifacts\reports\benchmark\_regen_h5_tmp_20260506_182726\smoke_nist_sd300c_h5\scores_dl_quick_val.csv --out_roc C:\fingerprint-research\artifacts\reports\benchmark\_regen_h5_tmp_20260506_182726\smoke_nist_sd300c_h5\roc_dl_quick_val.png --out_run_meta C:\fingerprint-research\artifacts\reports\benchmark\_regen_h5_tmp_20260506_182726\smoke_nist_sd300c_h5\run_dl_quick_val.meta.json --backbone resnet50 --emb_cache_dir C:\fingerprint-research\artifacts\cache\embeddings --cache_write
Split=val | N=300 | AUC=0.5712 | EER~0.4567
Avg pair time: 0.77 ms (cached embeddings help as N grows)
Saved: C:\fingerprint-research\artifacts\reports\benchmark\_regen_h5_tmp_20260506_182726\smoke_nist_sd300c_h5\scores_dl_quick_val.csv
Meta : C:\fingerprint-research\artifacts\reports\benchmark\_regen_h5_tmp_20260506_182726\smoke_nist_sd300c_h5\scores_dl_quick_val.meta.json

[RUN] C:\Users\sirak\miniconda3\envs\fingerprint_research\python.exe C:\fingerprint-research\pipelines\benchmark\eval_quick.py file:/C:/fingerprint-research/artifacts/reports/benchmark/_regen_h5_tmp_20260506_182726/smoke_nist_sd300c_h5/scores_dl_quick_val.csv --split val --pairs C:\fingerprint-research\data\manifests\nist_sd300c\pairs_val.csv --limit 300 --backbone resnet50 --dataset nist_sd300c --emb_cache_dir C:\fingerprint-research\artifacts\cache\embeddings --cache_write

[OK] Unified metrics:
  N=300 | AUC=0.5712 | EER~0.4567 | TAR@1e-2=0.0267 | TAR@1e-3=0.0000
  DataDir : C:\fingerprint-research\data\manifests\nist_sd300c
  Manifest: C:\fingerprint-research\data\manifests\nist_sd300c\manifest.csv
  Pairs   : C:\fingerprint-research\data\manifests\nist_sd300c\pairs_val.csv
  Scores  : C:\fingerprint-research\artifacts\reports\benchmark\_regen_h5_tmp_20260506_182726\smoke_nist_sd300c_h5\scores_dl_quick_val.csv
  ROC     : C:\fingerprint-research\artifacts\reports\benchmark\_regen_h5_tmp_20260506_182726\smoke_nist_sd300c_h5\roc_dl_quick_val.png
  Summary : C:\fingerprint-research\artifacts\reports\benchmark\_regen_h5_tmp_20260506_182726\smoke_nist_sd300c_h5\results_summary.csv
  RunMeta : C:\fingerprint-research\artifacts\reports\benchmark\_regen_h5_tmp_20260506_182726\smoke_nist_sd300c_h5\run_dl_quick_val.meta.json
[DONE] method=dl_quick split=val exit_code=0
[RUN] C:\Users\sirak\miniconda3\envs\fingerprint_research\python.exe C:\fingerprint-research\pipelines\benchmark\evaluate.py --method vit --split val --limit 300 --dataset nist_sd300c --data_dir C:\fingerprint-research\data\manifests\nist_sd300c --summary_csv C:\fingerprint-research\artifacts\reports\benchmark\_regen_h5_tmp_20260506_182726\smoke_nist_sd300c_h5\results_summary.csv --out_scores C:\fingerprint-research\artifacts\reports\benchmark\_regen_h5_tmp_20260506_182726\smoke_nist_sd300c_h5\scores_vit_val.csv --out_roc C:\fingerprint-research\artifacts\reports\benchmark\_regen_h5_tmp_20260506_182726\smoke_nist_sd300c_h5\roc_vit_val.png --out_run_meta C:\fingerprint-research\artifacts\reports\benchmark\_regen_h5_tmp_20260506_182726\smoke_nist_sd300c_h5\run_vit_val.meta.json --backbone vit_base --emb_cache_dir C:\fingerprint-research\artifacts\cache\embeddings --cache_write
Split=val | N=300 | AUC=0.5365 | EER~0.4800
Avg pair time: 0.74 ms (cached embeddings help as N grows)
Saved: C:\fingerprint-research\artifacts\reports\benchmark\_regen_h5_tmp_20260506_182726\smoke_nist_sd300c_h5\scores_vit_val.csv
Meta : C:\fingerprint-research\artifacts\reports\benchmark\_regen_h5_tmp_20260506_182726\smoke_nist_sd300c_h5\scores_vit_val.meta.json

[RUN] C:\Users\sirak\miniconda3\envs\fingerprint_research\python.exe C:\fingerprint-research\pipelines\benchmark\eval_quick.py file:/C:/fingerprint-research/artifacts/reports/benchmark/_regen_h5_tmp_20260506_182726/smoke_nist_sd300c_h5/scores_vit_val.csv --split val --pairs C:\fingerprint-research\data\manifests\nist_sd300c\pairs_val.csv --limit 300 --backbone vit_base --dataset nist_sd300c --emb_cache_dir C:\fingerprint-research\artifacts\cache\embeddings --cache_write

[OK] Unified metrics:
  N=300 | AUC=0.5365 | EER~0.4800 | TAR@1e-2=0.0133 | TAR@1e-3=0.0000
  DataDir : C:\fingerprint-research\data\manifests\nist_sd300c
  Manifest: C:\fingerprint-research\data\manifests\nist_sd300c\manifest.csv
  Pairs   : C:\fingerprint-research\data\manifests\nist_sd300c\pairs_val.csv
  Scores  : C:\fingerprint-research\artifacts\reports\benchmark\_regen_h5_tmp_20260506_182726\smoke_nist_sd300c_h5\scores_vit_val.csv
  ROC     : C:\fingerprint-research\artifacts\reports\benchmark\_regen_h5_tmp_20260506_182726\smoke_nist_sd300c_h5\roc_vit_val.png
  Summary : C:\fingerprint-research\artifacts\reports\benchmark\_regen_h5_tmp_20260506_182726\smoke_nist_sd300c_h5\results_summary.csv
  RunMeta : C:\fingerprint-research\artifacts\reports\benchmark\_regen_h5_tmp_20260506_182726\smoke_nist_sd300c_h5\run_vit_val.meta.json
[DONE] method=vit split=val exit_code=0
OK: Wrote C:\fingerprint-research\artifacts\reports\benchmark\_regen_h5_tmp_20260506_182726\smoke_nist_sd300c_h5\results_summary.md
Done.
