=== Canonical batch benchmark run ===
Repo root : C:\fingerprint-research
Dataset   : nist_sd300c
Data dir  : C:\fingerprint-research\data\manifests\nist_sd300c
Outdir    : C:\fingerprint-research\artifacts\reports\benchmark\_regen_h5_tmp_20260506_182726\full_nist_sd300c_h5
Methods   : ['classic_v2', 'harris', 'sift', 'dl_quick', 'vit']
Splits    : ['val', 'test']
Emb cache : C:\fingerprint-research\artifacts\cache\embeddings
[RUN] C:\Users\sirak\miniconda3\envs\fingerprint_research\python.exe C:\fingerprint-research\pipelines\benchmark\evaluate.py --method classic_v2 --split val --limit 0 --dataset nist_sd300c --data_dir C:\fingerprint-research\data\manifests\nist_sd300c --summary_csv C:\fingerprint-research\artifacts\reports\benchmark\_regen_h5_tmp_20260506_182726\full_nist_sd300c_h5\results_summary.csv --out_scores C:\fingerprint-research\artifacts\reports\benchmark\_regen_h5_tmp_20260506_182726\full_nist_sd300c_h5\scores_classic_v2_val.csv --out_roc C:\fingerprint-research\artifacts\reports\benchmark\_regen_h5_tmp_20260506_182726\full_nist_sd300c_h5\roc_classic_v2_val.png --out_run_meta C:\fingerprint-research\artifacts\reports\benchmark\_regen_h5_tmp_20260506_182726\full_nist_sd300c_h5\run_classic_v2_val.meta.json --detector gftt_orb --score_mode inliers_over_k --nfeatures 1500 --long_edge 512 --ratio 0.75 --ransac_thresh 4.0
Split=val | N=2812 | AUC=0.5044 | EER~0.4948
Saved: C:\fingerprint-research\artifacts\reports\benchmark\_regen_h5_tmp_20260506_182726\full_nist_sd300c_h5\scores_classic_v2_val.csv

[RUN] C:\Users\sirak\miniconda3\envs\fingerprint_research\python.exe C:\fingerprint-research\pipelines\benchmark\eval_classic.py file:/C:/fingerprint-research/artifacts/reports/benchmark/_regen_h5_tmp_20260506_182726/full_nist_sd300c_h5/scores_classic_v2_val.csv --split val --pairs C:\fingerprint-research\data\manifests\nist_sd300c\pairs_val.csv --detector gftt_orb --score_mode inliers_over_k --nfeatures 1500 --long_edge 512 --target_size 512 --ratio 0.75 --ransac_thresh 4.0 --limit 0

[OK] Unified metrics:
  N=2812 | AUC=0.5044 | EER~0.4948 | TAR@1e-2=0.0071 | TAR@1e-3=0.0014
  DataDir : C:\fingerprint-research\data\manifests\nist_sd300c
  Manifest: C:\fingerprint-research\data\manifests\nist_sd300c\manifest.csv
  Pairs   : C:\fingerprint-research\data\manifests\nist_sd300c\pairs_val.csv
  Scores  : C:\fingerprint-research\artifacts\reports\benchmark\_regen_h5_tmp_20260506_182726\full_nist_sd300c_h5\scores_classic_v2_val.csv
  ROC     : C:\fingerprint-research\artifacts\reports\benchmark\_regen_h5_tmp_20260506_182726\full_nist_sd300c_h5\roc_classic_v2_val.png
  Summary : C:\fingerprint-research\artifacts\reports\benchmark\_regen_h5_tmp_20260506_182726\full_nist_sd300c_h5\results_summary.csv
  RunMeta : C:\fingerprint-research\artifacts\reports\benchmark\_regen_h5_tmp_20260506_182726\full_nist_sd300c_h5\run_classic_v2_val.meta.json
[DONE] method=classic_v2 split=val exit_code=0
[RUN] C:\Users\sirak\miniconda3\envs\fingerprint_research\python.exe C:\fingerprint-research\pipelines\benchmark\evaluate.py --method harris --split val --limit 0 --dataset nist_sd300c --data_dir C:\fingerprint-research\data\manifests\nist_sd300c --summary_csv C:\fingerprint-research\artifacts\reports\benchmark\_regen_h5_tmp_20260506_182726\full_nist_sd300c_h5\results_summary.csv --out_scores C:\fingerprint-research\artifacts\reports\benchmark\_regen_h5_tmp_20260506_182726\full_nist_sd300c_h5\scores_harris_val.csv --out_roc C:\fingerprint-research\artifacts\reports\benchmark\_regen_h5_tmp_20260506_182726\full_nist_sd300c_h5\roc_harris_val.png --out_run_meta C:\fingerprint-research\artifacts\reports\benchmark\_regen_h5_tmp_20260506_182726\full_nist_sd300c_h5\run_harris_val.meta.json --detector harris_orb --score_mode inliers_over_min_keypoints --nfeatures 1500 --target_size 512 --ratio 0.75 --ransac_thresh 3.0
Split=val | N=2812 | AUC=0.5302 | EER~0.4673
Saved: C:\fingerprint-research\artifacts\reports\benchmark\_regen_h5_tmp_20260506_182726\full_nist_sd300c_h5\scores_harris_val.csv

[RUN] C:\Users\sirak\miniconda3\envs\fingerprint_research\python.exe C:\fingerprint-research\pipelines\benchmark\eval_classic.py file:/C:/fingerprint-research/artifacts/reports/benchmark/_regen_h5_tmp_20260506_182726/full_nist_sd300c_h5/scores_harris_val.csv --split val --pairs C:\fingerprint-research\data\manifests\nist_sd300c\pairs_val.csv --detector harris_orb --score_mode inliers_over_min_keypoints --nfeatures 1500 --long_edge 512 --target_size 512 --ratio 0.75 --ransac_thresh 3.0 --limit 0

[OK] Unified metrics:
  N=2812 | AUC=0.5302 | EER~0.4673 | TAR@1e-2=0.0057 | TAR@1e-3=0.0000
  DataDir : C:\fingerprint-research\data\manifests\nist_sd300c
  Manifest: C:\fingerprint-research\data\manifests\nist_sd300c\manifest.csv
  Pairs   : C:\fingerprint-research\data\manifests\nist_sd300c\pairs_val.csv
  Scores  : C:\fingerprint-research\artifacts\reports\benchmark\_regen_h5_tmp_20260506_182726\full_nist_sd300c_h5\scores_harris_val.csv
  ROC     : C:\fingerprint-research\artifacts\reports\benchmark\_regen_h5_tmp_20260506_182726\full_nist_sd300c_h5\roc_harris_val.png
  Summary : C:\fingerprint-research\artifacts\reports\benchmark\_regen_h5_tmp_20260506_182726\full_nist_sd300c_h5\results_summary.csv
  RunMeta : C:\fingerprint-research\artifacts\reports\benchmark\_regen_h5_tmp_20260506_182726\full_nist_sd300c_h5\run_harris_val.meta.json
[DONE] method=harris split=val exit_code=0
[RUN] C:\Users\sirak\miniconda3\envs\fingerprint_research\python.exe C:\fingerprint-research\pipelines\benchmark\evaluate.py --method sift --split val --limit 0 --dataset nist_sd300c --data_dir C:\fingerprint-research\data\manifests\nist_sd300c --summary_csv C:\fingerprint-research\artifacts\reports\benchmark\_regen_h5_tmp_20260506_182726\full_nist_sd300c_h5\results_summary.csv --out_scores C:\fingerprint-research\artifacts\reports\benchmark\_regen_h5_tmp_20260506_182726\full_nist_sd300c_h5\scores_sift_val.csv --out_roc C:\fingerprint-research\artifacts\reports\benchmark\_regen_h5_tmp_20260506_182726\full_nist_sd300c_h5\roc_sift_val.png --out_run_meta C:\fingerprint-research\artifacts\reports\benchmark\_regen_h5_tmp_20260506_182726\full_nist_sd300c_h5\run_sift_val.meta.json --detector sift --score_mode inliers_over_min_keypoints --nfeatures 1500 --target_size 512 --ratio 0.75 --ransac_thresh 3.0
Split=val | N=2812 | AUC=0.7890 | EER~0.2890
Saved: C:\fingerprint-research\artifacts\reports\benchmark\_regen_h5_tmp_20260506_182726\full_nist_sd300c_h5\scores_sift_val.csv

[RUN] C:\Users\sirak\miniconda3\envs\fingerprint_research\python.exe C:\fingerprint-research\pipelines\benchmark\eval_classic.py file:/C:/fingerprint-research/artifacts/reports/benchmark/_regen_h5_tmp_20260506_182726/full_nist_sd300c_h5/scores_sift_val.csv --split val --pairs C:\fingerprint-research\data\manifests\nist_sd300c\pairs_val.csv --detector sift --score_mode inliers_over_min_keypoints --nfeatures 1500 --long_edge 512 --target_size 512 --ratio 0.75 --ransac_thresh 3.0 --limit 0

[OK] Unified metrics:
  N=2812 | AUC=0.7890 | EER~0.2890 | TAR@1e-2=0.2703 | TAR@1e-3=0.0768
  DataDir : C:\fingerprint-research\data\manifests\nist_sd300c
  Manifest: C:\fingerprint-research\data\manifests\nist_sd300c\manifest.csv
  Pairs   : C:\fingerprint-research\data\manifests\nist_sd300c\pairs_val.csv
  Scores  : C:\fingerprint-research\artifacts\reports\benchmark\_regen_h5_tmp_20260506_182726\full_nist_sd300c_h5\scores_sift_val.csv
  ROC     : C:\fingerprint-research\artifacts\reports\benchmark\_regen_h5_tmp_20260506_182726\full_nist_sd300c_h5\roc_sift_val.png
  Summary : C:\fingerprint-research\artifacts\reports\benchmark\_regen_h5_tmp_20260506_182726\full_nist_sd300c_h5\results_summary.csv
  RunMeta : C:\fingerprint-research\artifacts\reports\benchmark\_regen_h5_tmp_20260506_182726\full_nist_sd300c_h5\run_sift_val.meta.json
[DONE] method=sift split=val exit_code=0
[RUN] C:\Users\sirak\miniconda3\envs\fingerprint_research\python.exe C:\fingerprint-research\pipelines\benchmark\evaluate.py --method dl_quick --split val --limit 0 --dataset nist_sd300c --data_dir C:\fingerprint-research\data\manifests\nist_sd300c --summary_csv C:\fingerprint-research\artifacts\reports\benchmark\_regen_h5_tmp_20260506_182726\full_nist_sd300c_h5\results_summary.csv --out_scores C:\fingerprint-research\artifacts\reports\benchmark\_regen_h5_tmp_20260506_182726\full_nist_sd300c_h5\scores_dl_quick_val.csv --out_roc C:\fingerprint-research\artifacts\reports\benchmark\_regen_h5_tmp_20260506_182726\full_nist_sd300c_h5\roc_dl_quick_val.png --out_run_meta C:\fingerprint-research\artifacts\reports\benchmark\_regen_h5_tmp_20260506_182726\full_nist_sd300c_h5\run_dl_quick_val.meta.json --backbone resnet50 --emb_cache_dir C:\fingerprint-research\artifacts\cache\embeddings --cache_write
Split=val | N=2812 | AUC=0.5749 | EER~0.4474
Avg pair time: 33.67 ms (cached embeddings help as N grows)
Saved: C:\fingerprint-research\artifacts\reports\benchmark\_regen_h5_tmp_20260506_182726\full_nist_sd300c_h5\scores_dl_quick_val.csv
Meta : C:\fingerprint-research\artifacts\reports\benchmark\_regen_h5_tmp_20260506_182726\full_nist_sd300c_h5\scores_dl_quick_val.meta.json

[RUN] C:\Users\sirak\miniconda3\envs\fingerprint_research\python.exe C:\fingerprint-research\pipelines\benchmark\eval_quick.py file:/C:/fingerprint-research/artifacts/reports/benchmark/_regen_h5_tmp_20260506_182726/full_nist_sd300c_h5/scores_dl_quick_val.csv --split val --pairs C:\fingerprint-research\data\manifests\nist_sd300c\pairs_val.csv --limit 0 --backbone resnet50 --dataset nist_sd300c --emb_cache_dir C:\fingerprint-research\artifacts\cache\embeddings --cache_write

[OK] Unified metrics:
  N=2812 | AUC=0.5749 | EER~0.4474 | TAR@1e-2=0.0199 | TAR@1e-3=0.0014
  DataDir : C:\fingerprint-research\data\manifests\nist_sd300c
  Manifest: C:\fingerprint-research\data\manifests\nist_sd300c\manifest.csv
  Pairs   : C:\fingerprint-research\data\manifests\nist_sd300c\pairs_val.csv
  Scores  : C:\fingerprint-research\artifacts\reports\benchmark\_regen_h5_tmp_20260506_182726\full_nist_sd300c_h5\scores_dl_quick_val.csv
  ROC     : C:\fingerprint-research\artifacts\reports\benchmark\_regen_h5_tmp_20260506_182726\full_nist_sd300c_h5\roc_dl_quick_val.png
  Summary : C:\fingerprint-research\artifacts\reports\benchmark\_regen_h5_tmp_20260506_182726\full_nist_sd300c_h5\results_summary.csv
  RunMeta : C:\fingerprint-research\artifacts\reports\benchmark\_regen_h5_tmp_20260506_182726\full_nist_sd300c_h5\run_dl_quick_val.meta.json
[DONE] method=dl_quick split=val exit_code=0
[RUN] C:\Users\sirak\miniconda3\envs\fingerprint_research\python.exe C:\fingerprint-research\pipelines\benchmark\evaluate.py --method vit --split val --limit 0 --dataset nist_sd300c --data_dir C:\fingerprint-research\data\manifests\nist_sd300c --summary_csv C:\fingerprint-research\artifacts\reports\benchmark\_regen_h5_tmp_20260506_182726\full_nist_sd300c_h5\results_summary.csv --out_scores C:\fingerprint-research\artifacts\reports\benchmark\_regen_h5_tmp_20260506_182726\full_nist_sd300c_h5\scores_vit_val.csv --out_roc C:\fingerprint-research\artifacts\reports\benchmark\_regen_h5_tmp_20260506_182726\full_nist_sd300c_h5\roc_vit_val.png --out_run_meta C:\fingerprint-research\artifacts\reports\benchmark\_regen_h5_tmp_20260506_182726\full_nist_sd300c_h5\run_vit_val.meta.json --backbone vit_base --emb_cache_dir C:\fingerprint-research\artifacts\cache\embeddings --cache_write
Split=val | N=2812 | AUC=0.5693 | EER~0.4564
Avg pair time: 38.46 ms (cached embeddings help as N grows)
Saved: C:\fingerprint-research\artifacts\reports\benchmark\_regen_h5_tmp_20260506_182726\full_nist_sd300c_h5\scores_vit_val.csv
Meta : C:\fingerprint-research\artifacts\reports\benchmark\_regen_h5_tmp_20260506_182726\full_nist_sd300c_h5\scores_vit_val.meta.json

[RUN] C:\Users\sirak\miniconda3\envs\fingerprint_research\python.exe C:\fingerprint-research\pipelines\benchmark\eval_quick.py file:/C:/fingerprint-research/artifacts/reports/benchmark/_regen_h5_tmp_20260506_182726/full_nist_sd300c_h5/scores_vit_val.csv --split val --pairs C:\fingerprint-research\data\manifests\nist_sd300c\pairs_val.csv --limit 0 --backbone vit_base --dataset nist_sd300c --emb_cache_dir C:\fingerprint-research\artifacts\cache\embeddings --cache_write

[OK] Unified metrics:
  N=2812 | AUC=0.5693 | EER~0.4564 | TAR@1e-2=0.0128 | TAR@1e-3=0.0000
  DataDir : C:\fingerprint-research\data\manifests\nist_sd300c
  Manifest: C:\fingerprint-research\data\manifests\nist_sd300c\manifest.csv
  Pairs   : C:\fingerprint-research\data\manifests\nist_sd300c\pairs_val.csv
  Scores  : C:\fingerprint-research\artifacts\reports\benchmark\_regen_h5_tmp_20260506_182726\full_nist_sd300c_h5\scores_vit_val.csv
  ROC     : C:\fingerprint-research\artifacts\reports\benchmark\_regen_h5_tmp_20260506_182726\full_nist_sd300c_h5\roc_vit_val.png
  Summary : C:\fingerprint-research\artifacts\reports\benchmark\_regen_h5_tmp_20260506_182726\full_nist_sd300c_h5\results_summary.csv
  RunMeta : C:\fingerprint-research\artifacts\reports\benchmark\_regen_h5_tmp_20260506_182726\full_nist_sd300c_h5\run_vit_val.meta.json
[DONE] method=vit split=val exit_code=0
[RUN] C:\Users\sirak\miniconda3\envs\fingerprint_research\python.exe C:\fingerprint-research\pipelines\benchmark\evaluate.py --method classic_v2 --split test --limit 0 --dataset nist_sd300c --data_dir C:\fingerprint-research\data\manifests\nist_sd300c --summary_csv C:\fingerprint-research\artifacts\reports\benchmark\_regen_h5_tmp_20260506_182726\full_nist_sd300c_h5\results_summary.csv --out_scores C:\fingerprint-research\artifacts\reports\benchmark\_regen_h5_tmp_20260506_182726\full_nist_sd300c_h5\scores_classic_v2_test.csv --out_roc C:\fingerprint-research\artifacts\reports\benchmark\_regen_h5_tmp_20260506_182726\full_nist_sd300c_h5\roc_classic_v2_test.png --out_run_meta C:\fingerprint-research\artifacts\reports\benchmark\_regen_h5_tmp_20260506_182726\full_nist_sd300c_h5\run_classic_v2_test.meta.json --detector gftt_orb --score_mode inliers_over_k --nfeatures 1500 --long_edge 512 --ratio 0.75 --ransac_thresh 4.0
Split=test | N=2844 | AUC=0.5138 | EER~0.4859
Saved: C:\fingerprint-research\artifacts\reports\benchmark\_regen_h5_tmp_20260506_182726\full_nist_sd300c_h5\scores_classic_v2_test.csv

[RUN] C:\Users\sirak\miniconda3\envs\fingerprint_research\python.exe C:\fingerprint-research\pipelines\benchmark\eval_classic.py file:/C:/fingerprint-research/artifacts/reports/benchmark/_regen_h5_tmp_20260506_182726/full_nist_sd300c_h5/scores_classic_v2_test.csv --split test --pairs C:\fingerprint-research\data\manifests\nist_sd300c\pairs_test.csv --detector gftt_orb --score_mode inliers_over_k --nfeatures 1500 --long_edge 512 --target_size 512 --ratio 0.75 --ransac_thresh 4.0 --limit 0

[OK] Unified metrics:
  N=2844 | AUC=0.5138 | EER~0.4859 | TAR@1e-2=0.0056 | TAR@1e-3=0.0000
  DataDir : C:\fingerprint-research\data\manifests\nist_sd300c
  Manifest: C:\fingerprint-research\data\manifests\nist_sd300c\manifest.csv
  Pairs   : C:\fingerprint-research\data\manifests\nist_sd300c\pairs_test.csv
  Scores  : C:\fingerprint-research\artifacts\reports\benchmark\_regen_h5_tmp_20260506_182726\full_nist_sd300c_h5\scores_classic_v2_test.csv
  ROC     : C:\fingerprint-research\artifacts\reports\benchmark\_regen_h5_tmp_20260506_182726\full_nist_sd300c_h5\roc_classic_v2_test.png
  Summary : C:\fingerprint-research\artifacts\reports\benchmark\_regen_h5_tmp_20260506_182726\full_nist_sd300c_h5\results_summary.csv
  RunMeta : C:\fingerprint-research\artifacts\reports\benchmark\_regen_h5_tmp_20260506_182726\full_nist_sd300c_h5\run_classic_v2_test.meta.json
[DONE] method=classic_v2 split=test exit_code=0
[RUN] C:\Users\sirak\miniconda3\envs\fingerprint_research\python.exe C:\fingerprint-research\pipelines\benchmark\evaluate.py --method harris --split test --limit 0 --dataset nist_sd300c --data_dir C:\fingerprint-research\data\manifests\nist_sd300c --summary_csv C:\fingerprint-research\artifacts\reports\benchmark\_regen_h5_tmp_20260506_182726\full_nist_sd300c_h5\results_summary.csv --out_scores C:\fingerprint-research\artifacts\reports\benchmark\_regen_h5_tmp_20260506_182726\full_nist_sd300c_h5\scores_harris_test.csv --out_roc C:\fingerprint-research\artifacts\reports\benchmark\_regen_h5_tmp_20260506_182726\full_nist_sd300c_h5\roc_harris_test.png --out_run_meta C:\fingerprint-research\artifacts\reports\benchmark\_regen_h5_tmp_20260506_182726\full_nist_sd300c_h5\run_harris_test.meta.json --detector harris_orb --score_mode inliers_over_min_keypoints --nfeatures 1500 --target_size 512 --ratio 0.75 --ransac_thresh 3.0
Split=test | N=2844 | AUC=0.5151 | EER~0.4887
Saved: C:\fingerprint-research\artifacts\reports\benchmark\_regen_h5_tmp_20260506_182726\full_nist_sd300c_h5\scores_harris_test.csv

[RUN] C:\Users\sirak\miniconda3\envs\fingerprint_research\python.exe C:\fingerprint-research\pipelines\benchmark\eval_classic.py file:/C:/fingerprint-research/artifacts/reports/benchmark/_regen_h5_tmp_20260506_182726/full_nist_sd300c_h5/scores_harris_test.csv --split test --pairs C:\fingerprint-research\data\manifests\nist_sd300c\pairs_test.csv --detector harris_orb --score_mode inliers_over_min_keypoints --nfeatures 1500 --long_edge 512 --target_size 512 --ratio 0.75 --ransac_thresh 3.0 --limit 0

[OK] Unified metrics:
  N=2844 | AUC=0.5151 | EER~0.4887 | TAR@1e-2=0.0127 | TAR@1e-3=0.0014
  DataDir : C:\fingerprint-research\data\manifests\nist_sd300c
  Manifest: C:\fingerprint-research\data\manifests\nist_sd300c\manifest.csv
  Pairs   : C:\fingerprint-research\data\manifests\nist_sd300c\pairs_test.csv
  Scores  : C:\fingerprint-research\artifacts\reports\benchmark\_regen_h5_tmp_20260506_182726\full_nist_sd300c_h5\scores_harris_test.csv
  ROC     : C:\fingerprint-research\artifacts\reports\benchmark\_regen_h5_tmp_20260506_182726\full_nist_sd300c_h5\roc_harris_test.png
  Summary : C:\fingerprint-research\artifacts\reports\benchmark\_regen_h5_tmp_20260506_182726\full_nist_sd300c_h5\results_summary.csv
  RunMeta : C:\fingerprint-research\artifacts\reports\benchmark\_regen_h5_tmp_20260506_182726\full_nist_sd300c_h5\run_harris_test.meta.json
[DONE] method=harris split=test exit_code=0
[RUN] C:\Users\sirak\miniconda3\envs\fingerprint_research\python.exe C:\fingerprint-research\pipelines\benchmark\evaluate.py --method sift --split test --limit 0 --dataset nist_sd300c --data_dir C:\fingerprint-research\data\manifests\nist_sd300c --summary_csv C:\fingerprint-research\artifacts\reports\benchmark\_regen_h5_tmp_20260506_182726\full_nist_sd300c_h5\results_summary.csv --out_scores C:\fingerprint-research\artifacts\reports\benchmark\_regen_h5_tmp_20260506_182726\full_nist_sd300c_h5\scores_sift_test.csv --out_roc C:\fingerprint-research\artifacts\reports\benchmark\_regen_h5_tmp_20260506_182726\full_nist_sd300c_h5\roc_sift_test.png --out_run_meta C:\fingerprint-research\artifacts\reports\benchmark\_regen_h5_tmp_20260506_182726\full_nist_sd300c_h5\run_sift_test.meta.json --detector sift --score_mode inliers_over_min_keypoints --nfeatures 1500 --target_size 512 --ratio 0.75 --ransac_thresh 3.0
Split=test | N=2844 | AUC=0.7976 | EER~0.2855
Saved: C:\fingerprint-research\artifacts\reports\benchmark\_regen_h5_tmp_20260506_182726\full_nist_sd300c_h5\scores_sift_test.csv

[RUN] C:\Users\sirak\miniconda3\envs\fingerprint_research\python.exe C:\fingerprint-research\pipelines\benchmark\eval_classic.py file:/C:/fingerprint-research/artifacts/reports/benchmark/_regen_h5_tmp_20260506_182726/full_nist_sd300c_h5/scores_sift_test.csv --split test --pairs C:\fingerprint-research\data\manifests\nist_sd300c\pairs_test.csv --detector sift --score_mode inliers_over_min_keypoints --nfeatures 1500 --long_edge 512 --target_size 512 --ratio 0.75 --ransac_thresh 3.0 --limit 0

[OK] Unified metrics:
  N=2844 | AUC=0.7976 | EER~0.2855 | TAR@1e-2=0.3249 | TAR@1e-3=0.1899
  DataDir : C:\fingerprint-research\data\manifests\nist_sd300c
  Manifest: C:\fingerprint-research\data\manifests\nist_sd300c\manifest.csv
  Pairs   : C:\fingerprint-research\data\manifests\nist_sd300c\pairs_test.csv
  Scores  : C:\fingerprint-research\artifacts\reports\benchmark\_regen_h5_tmp_20260506_182726\full_nist_sd300c_h5\scores_sift_test.csv
  ROC     : C:\fingerprint-research\artifacts\reports\benchmark\_regen_h5_tmp_20260506_182726\full_nist_sd300c_h5\roc_sift_test.png
  Summary : C:\fingerprint-research\artifacts\reports\benchmark\_regen_h5_tmp_20260506_182726\full_nist_sd300c_h5\results_summary.csv
  RunMeta : C:\fingerprint-research\artifacts\reports\benchmark\_regen_h5_tmp_20260506_182726\full_nist_sd300c_h5\run_sift_test.meta.json
[DONE] method=sift split=test exit_code=0
[RUN] C:\Users\sirak\miniconda3\envs\fingerprint_research\python.exe C:\fingerprint-research\pipelines\benchmark\evaluate.py --method dl_quick --split test --limit 0 --dataset nist_sd300c --data_dir C:\fingerprint-research\data\manifests\nist_sd300c --summary_csv C:\fingerprint-research\artifacts\reports\benchmark\_regen_h5_tmp_20260506_182726\full_nist_sd300c_h5\results_summary.csv --out_scores C:\fingerprint-research\artifacts\reports\benchmark\_regen_h5_tmp_20260506_182726\full_nist_sd300c_h5\scores_dl_quick_test.csv --out_roc C:\fingerprint-research\artifacts\reports\benchmark\_regen_h5_tmp_20260506_182726\full_nist_sd300c_h5\roc_dl_quick_test.png --out_run_meta C:\fingerprint-research\artifacts\reports\benchmark\_regen_h5_tmp_20260506_182726\full_nist_sd300c_h5\run_dl_quick_test.meta.json --backbone resnet50 --emb_cache_dir C:\fingerprint-research\artifacts\cache\embeddings --cache_write
Split=test | N=2844 | AUC=0.5777 | EER~0.4498
Avg pair time: 32.40 ms (cached embeddings help as N grows)
Saved: C:\fingerprint-research\artifacts\reports\benchmark\_regen_h5_tmp_20260506_182726\full_nist_sd300c_h5\scores_dl_quick_test.csv
Meta : C:\fingerprint-research\artifacts\reports\benchmark\_regen_h5_tmp_20260506_182726\full_nist_sd300c_h5\scores_dl_quick_test.meta.json

[RUN] C:\Users\sirak\miniconda3\envs\fingerprint_research\python.exe C:\fingerprint-research\pipelines\benchmark\eval_quick.py file:/C:/fingerprint-research/artifacts/reports/benchmark/_regen_h5_tmp_20260506_182726/full_nist_sd300c_h5/scores_dl_quick_test.csv --split test --pairs C:\fingerprint-research\data\manifests\nist_sd300c\pairs_test.csv --limit 0 --backbone resnet50 --dataset nist_sd300c --emb_cache_dir C:\fingerprint-research\artifacts\cache\embeddings --cache_write

[OK] Unified metrics:
  N=2844 | AUC=0.5777 | EER~0.4498 | TAR@1e-2=0.0253 | TAR@1e-3=0.0070
  DataDir : C:\fingerprint-research\data\manifests\nist_sd300c
  Manifest: C:\fingerprint-research\data\manifests\nist_sd300c\manifest.csv
  Pairs   : C:\fingerprint-research\data\manifests\nist_sd300c\pairs_test.csv
  Scores  : C:\fingerprint-research\artifacts\reports\benchmark\_regen_h5_tmp_20260506_182726\full_nist_sd300c_h5\scores_dl_quick_test.csv
  ROC     : C:\fingerprint-research\artifacts\reports\benchmark\_regen_h5_tmp_20260506_182726\full_nist_sd300c_h5\roc_dl_quick_test.png
  Summary : C:\fingerprint-research\artifacts\reports\benchmark\_regen_h5_tmp_20260506_182726\full_nist_sd300c_h5\results_summary.csv
  RunMeta : C:\fingerprint-research\artifacts\reports\benchmark\_regen_h5_tmp_20260506_182726\full_nist_sd300c_h5\run_dl_quick_test.meta.json
[DONE] method=dl_quick split=test exit_code=0
[RUN] C:\Users\sirak\miniconda3\envs\fingerprint_research\python.exe C:\fingerprint-research\pipelines\benchmark\evaluate.py --method vit --split test --limit 0 --dataset nist_sd300c --data_dir C:\fingerprint-research\data\manifests\nist_sd300c --summary_csv C:\fingerprint-research\artifacts\reports\benchmark\_regen_h5_tmp_20260506_182726\full_nist_sd300c_h5\results_summary.csv --out_scores C:\fingerprint-research\artifacts\reports\benchmark\_regen_h5_tmp_20260506_182726\full_nist_sd300c_h5\scores_vit_test.csv --out_roc C:\fingerprint-research\artifacts\reports\benchmark\_regen_h5_tmp_20260506_182726\full_nist_sd300c_h5\roc_vit_test.png --out_run_meta C:\fingerprint-research\artifacts\reports\benchmark\_regen_h5_tmp_20260506_182726\full_nist_sd300c_h5\run_vit_test.meta.json --backbone vit_base --emb_cache_dir C:\fingerprint-research\artifacts\cache\embeddings --cache_write
Split=test | N=2844 | AUC=0.5677 | EER~0.4613
Avg pair time: 37.31 ms (cached embeddings help as N grows)
Saved: C:\fingerprint-research\artifacts\reports\benchmark\_regen_h5_tmp_20260506_182726\full_nist_sd300c_h5\scores_vit_test.csv
Meta : C:\fingerprint-research\artifacts\reports\benchmark\_regen_h5_tmp_20260506_182726\full_nist_sd300c_h5\scores_vit_test.meta.json

[RUN] C:\Users\sirak\miniconda3\envs\fingerprint_research\python.exe C:\fingerprint-research\pipelines\benchmark\eval_quick.py file:/C:/fingerprint-research/artifacts/reports/benchmark/_regen_h5_tmp_20260506_182726/full_nist_sd300c_h5/scores_vit_test.csv --split test --pairs C:\fingerprint-research\data\manifests\nist_sd300c\pairs_test.csv --limit 0 --backbone vit_base --dataset nist_sd300c --emb_cache_dir C:\fingerprint-research\artifacts\cache\embeddings --cache_write

[OK] Unified metrics:
  N=2844 | AUC=0.5677 | EER~0.4613 | TAR@1e-2=0.0225 | TAR@1e-3=0.0028
  DataDir : C:\fingerprint-research\data\manifests\nist_sd300c
  Manifest: C:\fingerprint-research\data\manifests\nist_sd300c\manifest.csv
  Pairs   : C:\fingerprint-research\data\manifests\nist_sd300c\pairs_test.csv
  Scores  : C:\fingerprint-research\artifacts\reports\benchmark\_regen_h5_tmp_20260506_182726\full_nist_sd300c_h5\scores_vit_test.csv
  ROC     : C:\fingerprint-research\artifacts\reports\benchmark\_regen_h5_tmp_20260506_182726\full_nist_sd300c_h5\roc_vit_test.png
  Summary : C:\fingerprint-research\artifacts\reports\benchmark\_regen_h5_tmp_20260506_182726\full_nist_sd300c_h5\results_summary.csv
  RunMeta : C:\fingerprint-research\artifacts\reports\benchmark\_regen_h5_tmp_20260506_182726\full_nist_sd300c_h5\run_vit_test.meta.json
[DONE] method=vit split=test exit_code=0
OK: Wrote C:\fingerprint-research\artifacts\reports\benchmark\_regen_h5_tmp_20260506_182726\full_nist_sd300c_h5\results_summary.md
Done.
